{"timestamp":"2026-02-12T05:04:01.516Z","userId":"anonymous","userRole":"unknown","method":"POST","url":"/","statusCode":201,"ipAddress":"::1","action":"POST /"}
{"timestamp":"2026-02-12T05:05:35.045Z","userId":"698d5f40392d3239316e3867","userRole":"user","method":"POST","url":"/","statusCode":201,"ipAddress":"::1","action":"POST /"}
{"timestamp":"2026-02-12T05:07:28.262Z","action":"IDOR_ATTEMPT","repairId":"698d5f9e392d3239316e38a3","actualOwner":"698d5f40392d3239316e3867","attemptedAccess":"getRepairImage"}
{"timestamp":"2026-02-12T05:07:31.395Z","action":"IDOR_ATTEMPT","repairId":"698d5f9e392d3239316e38a3","actualOwner":"698d5f40392d3239316e3867","attemptedAccess":"getRepairImage"}
{"timestamp":"2026-02-12T05:08:04.588Z","action":"IDOR_ATTEMPT","repairId":"69871a7fc07157f91a9a89c4","actualOwner":"698715a324be40f5c56fe4b8","attemptedAccess":"getRepairImage"}
{"timestamp":"2026-02-12T05:08:06.810Z","action":"IDOR_ATTEMPT","repairId":"698716efc07157f91a9a895e","actualOwner":"698715a324be40f5c56fe4b8","attemptedAccess":"getRepairImage"}
{"timestamp":"2026-02-12T05:09:48.045Z","userId":"anonymous","userRole":"admin","method":"POST","url":"/admin/import-excel","statusCode":200,"ipAddress":"::1","action":"POST /admin/import-excel"}
{"timestamp":"2026-02-12T05:11:23.060Z","action":"PUBLIC_IMAGE_ACCESS","userId":null,"repairId":"698d5f9e392d3239316e38a3","imageIndex":0}
{"timestamp":"2026-02-12T05:11:23.062Z","action":"IMAGE_ACCESS","repairId":"698d5f9e392d3239316e38a3","imageIndex":"0"}
{"timestamp":"2026-02-12T05:11:32.240Z","userId":"anonymous","userRole":"admin","method":"POST","url":"/admin/import-excel","statusCode":200,"ipAddress":"::1","action":"POST /admin/import-excel"}
{"timestamp":"2026-02-12T05:14:22.901Z","userId":"anonymous","userRole":"unknown","method":"POST","url":"/import-revenue","statusCode":200,"ipAddress":"::1","action":"POST /import-revenue"}
{"timestamp":"2026-02-12T05:31:44.642Z","userId":"anonymous","userRole":"admin","method":"PUT","url":"/698d5f9e392d3239316e38a3/status","statusCode":200,"ipAddress":"::1","action":"PUT /698d5f9e392d3239316e38a3/status"}
{"timestamp":"2026-02-12T05:31:57.069Z","userId":"anonymous","userRole":"admin","method":"PUT","url":"/698716efc07157f91a9a895e/status","statusCode":200,"ipAddress":"::1","action":"PUT /698716efc07157f91a9a895e/status"}
{"timestamp":"2026-02-12T05:33:39.830Z","action":"PUBLIC_IMAGE_ACCESS","userId":null,"repairId":"698d5f9e392d3239316e38a3","imageIndex":1}
{"timestamp":"2026-02-12T05:33:39.838Z","action":"IMAGE_ACCESS","repairId":"698d5f9e392d3239316e38a3","imageIndex":"1"}
{"timestamp":"2026-02-12T05:34:12.222Z","userId":"698d5f40392d3239316e3867","userRole":"user","method":"POST","url":"/","statusCode":201,"ipAddress":"::1","action":"POST /"}
{"timestamp":"2026-02-12T05:34:24.975Z","action":"PUBLIC_IMAGE_ACCESS","userId":null,"repairId":"698d66542f92179d5a9d9663","imageIndex":0}
{"timestamp":"2026-02-12T05:34:24.976Z","action":"IMAGE_ACCESS","repairId":"698d66542f92179d5a9d9663","imageIndex":"0"}
{"timestamp":"2026-02-12T05:34:26.416Z","action":"PUBLIC_IMAGE_ACCESS","userId":null,"repairId":"698d66542f92179d5a9d9663","imageIndex":1}
{"timestamp":"2026-02-12T05:34:26.418Z","action":"IMAGE_ACCESS","repairId":"698d66542f92179d5a9d9663","imageIndex":"1"}
{"timestamp":"2026-02-12T05:34:26.621Z","action":"PUBLIC_IMAGE_ACCESS","userId":null,"repairId":"698d66542f92179d5a9d9663","imageIndex":2}
{"timestamp":"2026-02-12T05:34:26.622Z","action":"IMAGE_ACCESS","repairId":"698d66542f92179d5a9d9663","imageIndex":"2"}
{"timestamp":"2026-02-12T07:11:34.674Z","userId":"anonymous","userRole":"unknown","method":"POST","url":"/","statusCode":201,"ipAddress":"::1","action":"POST /"}
{"timestamp":"2026-02-12T07:36:05.998Z","userId":"69889fa2e7cb850f3e37d662","userRole":"user","method":"POST","url":"/upload","statusCode":200,"ipAddress":"::1","action":"POST /upload"}
{"timestamp":"2026-02-20T07:09:29.246Z","userId":"anonymous","userRole":"unknown","method":"POST","url":"/","statusCode":201,"ipAddress":"::1","action":"POST /"}
{"timestamp":"2026-02-20T07:25:22.744Z","userId":"anonymous","userRole":"admin","method":"POST","url":"/admin/import-excel","statusCode":200,"ipAddress":"::1","action":"POST /admin/import-excel"}
{"timestamp":"2026-03-06T18:46:55.852Z","userId":"anonymous","userRole":"unknown","method":"POST","url":"/","statusCode":201,"ipAddress":"::1","action":"POST /"}
{"timestamp":"2026-03-06T18:49:10.901Z","userId":"anonymous","userRole":"admin","method":"POST","url":"/admin/import-excel","statusCode":200,"ipAddress":"::1","action":"POST /admin/import-excel"}
{"timestamp":"2026-03-25T11:06:36.508Z","userId":"anonymous","userRole":"unknown","method":"POST","url":"/","statusCode":201,"ipAddress":"::1","action":"POST /"}
